// Jest Snapshot v1, https://goo.gl/fbAQLP

exports[`LoggedOutContent matches the snapshot 1`] = `
<div>
  <div
    style="display: flex; flex: 2; width: 250px; justify-content: space-between; align-items: center;"
  >
    <button
      class="MuiButtonBase-root MuiButton-root MuiButton-button MuiButton-buttonText.primary MuiButton-sizeMedium MuiButton-buttonSizeMedium MuiButton-root MuiButton-button MuiButton-buttonText.primary MuiButton-sizeMedium MuiButton-buttonSizeMedium css-1w1rijm-MuiButtonBase-root-MuiButton-root"
      tabindex="0"
      type="button"
    >
      Entrar
      <span
        class="MuiTouchRipple-root css-8je8zh-MuiTouchRipple-root"
      />
    </button>
    <button
      class="MuiButtonBase-root MuiButton-root MuiButton-outlined MuiButton-outlinedPrimary MuiButton-sizeMedium MuiButton-outlinedSizeMedium MuiButton-root MuiButton-outlined MuiButton-outlinedPrimary MuiButton-sizeMedium MuiButton-outlinedSizeMedium css-1rwt2y5-MuiButtonBase-root-MuiButton-root"
      tabindex="0"
      type="button"
    >
      Criar conta
      <span
        class="MuiTouchRipple-root css-8je8zh-MuiTouchRipple-root"
      />
    </button>
  </div>
</div>
`;
